Archive member included to satisfy reference by file (symbol)

/opt/riscv/lib/gcc/riscv32-unknown-elf/15.1.0/libgcc.a(_udivdi3.o)
                              dhrystone_main.o (__udivdi3)
/opt/riscv/lib/gcc/riscv32-unknown-elf/15.1.0/libgcc.a(muldi3.o)
                              /opt/riscv/lib/gcc/riscv32-unknown-elf/15.1.0/libgcc.a(_udivdi3.o) (__mulsi3)
/opt/riscv/lib/gcc/riscv32-unknown-elf/15.1.0/libgcc.a(multi3.o)
                              dhrystone_main.o (__muldi3)
/opt/riscv/lib/gcc/riscv32-unknown-elf/15.1.0/libgcc.a(div.o)
                              dhrystone_main.o (__divsi3)
/opt/riscv/lib/gcc/riscv32-unknown-elf/15.1.0/libgcc.a(_clz.o)
                              /opt/riscv/lib/gcc/riscv32-unknown-elf/15.1.0/libgcc.a(_udivdi3.o) (__clz_tab)
/opt/riscv/lib/gcc/riscv32-unknown-elf/15.1.0/../../../../riscv32-unknown-elf/lib/libc.a(libc_a-strcpy.o)
                              dhrystone_main.o (strcpy)
/opt/riscv/lib/gcc/riscv32-unknown-elf/15.1.0/../../../../riscv32-unknown-elf/lib/libc.a(libc_a-strcmp.o)
                              dhrystone.o (strcmp)

There are no discarded input sections

Memory Configuration

Name             Origin             Length             Attributes
IRAM             0x00000000         0x00008000         xr
DRAM             0x80000000         0x00008000         rw
*default*        0x00000000         0xffffffff

Linker script and memory map

LOAD /opt/riscv/lib/gcc/riscv32-unknown-elf/15.1.0/libgcc.a
LOAD startup.o
LOAD dhrystone.o
LOAD dhrystone_main.o
LOAD stats.o
LOAD ee_printf.o
LOAD /opt/riscv/lib/gcc/riscv32-unknown-elf/15.1.0/libgcc.a
START GROUP
LOAD /opt/riscv/lib/gcc/riscv32-unknown-elf/15.1.0/../../../../riscv32-unknown-elf/lib/libc.a
LOAD /opt/riscv/lib/gcc/riscv32-unknown-elf/15.1.0/../../../../riscv32-unknown-elf/lib/libgloss.a
END GROUP
LOAD /opt/riscv/lib/gcc/riscv32-unknown-elf/15.1.0/libgcc.a

.text           0x00000000     0x32f4
 *startup.o(.text)
 .text          0x00000000       0xb0 startup.o
                0x00000000                _start
 *(.text)
 .text          0x000000b0      0x1c4 dhrystone.o
                0x000000b0                Proc_7
                0x000000c0                Proc_8
                0x00000130                Func_1
                0x0000014c                Func_2
                0x000001bc                Func_3
                0x000001c8                Proc_6
 .text          0x00000274      0x20c dhrystone_main.o
                0x00000274                Proc_2
                0x000002a4                Proc_3
                0x000002d0                Proc_1
                0x00000438                Proc_4
                0x00000468                Proc_5
 .text          0x00000480       0x6c stats.o
                0x00000480                setStats
 .text          0x000004ec     0x1da0 ee_printf.o
                0x00000ba0                uart_init
                0x00000ba4                uart_send_char
                0x00000bb0                ee_printf
 .text          0x0000228c      0x5b4 /opt/riscv/lib/gcc/riscv32-unknown-elf/15.1.0/libgcc.a(_udivdi3.o)
                0x0000228c                __udivdi3
 .text          0x00002840       0x24 /opt/riscv/lib/gcc/riscv32-unknown-elf/15.1.0/libgcc.a(muldi3.o)
                0x00002840                __mulsi3
 .text          0x00002864       0x8c /opt/riscv/lib/gcc/riscv32-unknown-elf/15.1.0/libgcc.a(multi3.o)
                0x00002864                __muldi3
 .text          0x000028f0       0xb4 /opt/riscv/lib/gcc/riscv32-unknown-elf/15.1.0/libgcc.a(div.o)
                0x000028f0                __divsi3
                0x000028f8                __hidden___udivsi3
                0x000028f8                __udivsi3
                0x00002940                __umodsi3
                0x00002974                __modsi3
 .text          0x000029a4        0x0 /opt/riscv/lib/gcc/riscv32-unknown-elf/15.1.0/libgcc.a(_clz.o)
 .text          0x000029a4        0x0 /opt/riscv/lib/gcc/riscv32-unknown-elf/15.1.0/../../../../riscv32-unknown-elf/lib/libc.a(libc_a-strcpy.o)
 .text          0x000029a4      0x17c /opt/riscv/lib/gcc/riscv32-unknown-elf/15.1.0/../../../../riscv32-unknown-elf/lib/libc.a(libc_a-strcmp.o)
                0x000029a4                strcmp
 *(.text.*)
 .text.startup  0x00002b20      0x730 dhrystone_main.o
                0x00002b20                main
 .text.strcpy   0x00003250       0xa4 /opt/riscv/lib/gcc/riscv32-unknown-elf/15.1.0/../../../../riscv32-unknown-elf/lib/libc.a(libc_a-strcpy.o)
                0x00003250                strcpy

.rodata         0x80000000      0xa5b
 *(.rodata)
 .rodata        0x80000000      0x204 ee_printf.o
 .rodata        0x80000204      0x100 /opt/riscv/lib/gcc/riscv32-unknown-elf/15.1.0/libgcc.a(_clz.o)
                0x80000204                __clz_tab
 *(.rodata.*)
 .rodata.str1.4
                0x80000304      0x757 dhrystone_main.o
                                0x699 (size before relaxing)
 .rodata.str1.4
                0x80000a5b        0x0 stats.o
                                 0x60 (size before relaxing)
 .rodata.str1.4
                0x80000a5b        0x0 ee_printf.o
                                 0x57 (size before relaxing)
 *(.srodata)
 *(.srodata.*)

.eh_frame       0x80000a5c       0x60
 .eh_frame      0x80000a5c       0x60 /opt/riscv/lib/gcc/riscv32-unknown-elf/15.1.0/libgcc.a(_udivdi3.o)

.rela.dyn       0x80000abc        0x0
 .rela.text     0x80000abc        0x0 startup.o

.data           0x80000abc       0x14
 *(.data)
 .data          0x80000abc        0x0 startup.o
 .data          0x80000abc        0x0 dhrystone.o
 .data          0x80000abc        0x0 dhrystone_main.o
 .data          0x80000abc        0x0 stats.o
 .data          0x80000abc        0x0 ee_printf.o
 .data          0x80000abc        0x0 /opt/riscv/lib/gcc/riscv32-unknown-elf/15.1.0/libgcc.a(_udivdi3.o)
 .data          0x80000abc        0x0 /opt/riscv/lib/gcc/riscv32-unknown-elf/15.1.0/libgcc.a(muldi3.o)
 .data          0x80000abc        0x0 /opt/riscv/lib/gcc/riscv32-unknown-elf/15.1.0/libgcc.a(multi3.o)
 .data          0x80000abc        0x0 /opt/riscv/lib/gcc/riscv32-unknown-elf/15.1.0/libgcc.a(div.o)
 .data          0x80000abc        0x0 /opt/riscv/lib/gcc/riscv32-unknown-elf/15.1.0/libgcc.a(_clz.o)
 .data          0x80000abc        0x0 /opt/riscv/lib/gcc/riscv32-unknown-elf/15.1.0/../../../../riscv32-unknown-elf/lib/libc.a(libc_a-strcpy.o)
 .data          0x80000abc        0x0 /opt/riscv/lib/gcc/riscv32-unknown-elf/15.1.0/../../../../riscv32-unknown-elf/lib/libc.a(libc_a-strcmp.o)
 *(.data.*)
 *(.sdata)
 .sdata         0x80000abc        0x4 dhrystone_main.o
                0x80000abc                Reg
 .sdata         0x80000ac0       0x10 stats.o
                0x80000ac0                end_cycles
                0x80000ac4                elapsed_cycles
                0x80000ac8                start_cycles
                0x80000acc                hardwareCounterAddr
 *(.sdata.*)

.bss            0x80000ad0     0x2808
                0x80000ad0                        _sbss = .
 *(.bss)
 .bss           0x80000ad0        0x0 startup.o
 .bss           0x80000ad0        0x0 dhrystone.o
 .bss           0x80000ad0     0x27d8 dhrystone_main.o
                0x80000ad0                Arr_1_Glob
                0x80000b98                Arr_2_Glob
 .bss           0x800032a8        0x0 stats.o
 .bss           0x800032a8        0x0 ee_printf.o
 .bss           0x800032a8        0x0 /opt/riscv/lib/gcc/riscv32-unknown-elf/15.1.0/libgcc.a(_udivdi3.o)
 .bss           0x800032a8        0x0 /opt/riscv/lib/gcc/riscv32-unknown-elf/15.1.0/libgcc.a(muldi3.o)
 .bss           0x800032a8        0x0 /opt/riscv/lib/gcc/riscv32-unknown-elf/15.1.0/libgcc.a(multi3.o)
 .bss           0x800032a8        0x0 /opt/riscv/lib/gcc/riscv32-unknown-elf/15.1.0/libgcc.a(div.o)
 .bss           0x800032a8        0x0 /opt/riscv/lib/gcc/riscv32-unknown-elf/15.1.0/libgcc.a(_clz.o)
 .bss           0x800032a8        0x0 /opt/riscv/lib/gcc/riscv32-unknown-elf/15.1.0/../../../../riscv32-unknown-elf/lib/libc.a(libc_a-strcpy.o)
 .bss           0x800032a8        0x0 /opt/riscv/lib/gcc/riscv32-unknown-elf/15.1.0/../../../../riscv32-unknown-elf/lib/libc.a(libc_a-strcmp.o)
 *(.bss.*)
 *(.sbss)
 .sbss          0x800032a8       0x30 dhrystone_main.o
                0x800032a8                Dhrystone_MIPS
                0x800032ac                Dhrystones_Per_Second
                0x800032b0                Microseconds
                0x800032b4                User_Time
                0x800032b8                End_Time
                0x800032bc                Begin_Time
                0x800032c0                Done
                0x800032c4                Ch_2_Glob
                0x800032c5                Ch_1_Glob
                0x800032c8                Bool_Glob
                0x800032cc                Int_Glob
                0x800032d0                Next_Ptr_Glob
                0x800032d4                Ptr_Glob
 *(.sbss.*)
 *(COMMON)
                0x800032d8                        _ebss = .
                0x80008000                        _stack_top = ((ORIGIN (DRAM) + LENGTH (DRAM)) & 0xfffffffffffffff0)
OUTPUT(dhrystone_bmrk.elf elf32-littleriscv)

.riscv.attributes
                0x00000000       0x1c
 .riscv.attributes
                0x00000000       0x1a startup.o
 .riscv.attributes
                0x0000001a       0x1c dhrystone.o
 .riscv.attributes
                0x00000036       0x1c dhrystone_main.o
 .riscv.attributes
                0x00000052       0x1c stats.o
 .riscv.attributes
                0x0000006e       0x1c ee_printf.o
 .riscv.attributes
                0x0000008a       0x1c /opt/riscv/lib/gcc/riscv32-unknown-elf/15.1.0/libgcc.a(_udivdi3.o)
 .riscv.attributes
                0x000000a6       0x1a /opt/riscv/lib/gcc/riscv32-unknown-elf/15.1.0/libgcc.a(muldi3.o)
 .riscv.attributes
                0x000000c0       0x1c /opt/riscv/lib/gcc/riscv32-unknown-elf/15.1.0/libgcc.a(multi3.o)
 .riscv.attributes
                0x000000dc       0x1a /opt/riscv/lib/gcc/riscv32-unknown-elf/15.1.0/libgcc.a(div.o)
 .riscv.attributes
                0x000000f6       0x1c /opt/riscv/lib/gcc/riscv32-unknown-elf/15.1.0/libgcc.a(_clz.o)
 .riscv.attributes
                0x00000112       0x1c /opt/riscv/lib/gcc/riscv32-unknown-elf/15.1.0/../../../../riscv32-unknown-elf/lib/libc.a(libc_a-strcpy.o)
 .riscv.attributes
                0x0000012e       0x1a /opt/riscv/lib/gcc/riscv32-unknown-elf/15.1.0/../../../../riscv32-unknown-elf/lib/libc.a(libc_a-strcmp.o)

.comment        0x00000000       0x2b
 .comment       0x00000000       0x2b dhrystone.o
                                 0x1a (size before relaxing)
 .comment       0x0000002b        0x0 dhrystone_main.o
                                 0x1a (size before relaxing)
 .comment       0x0000002b        0x0 stats.o
                                 0x1a (size before relaxing)
 .comment       0x0000002b        0x0 ee_printf.o
                                 0x1a (size before relaxing)
 .comment       0x0000002b        0x0 /opt/riscv/lib/gcc/riscv32-unknown-elf/15.1.0/libgcc.a(_udivdi3.o)
                                 0x1a (size before relaxing)
 .comment       0x0000002b        0x0 /opt/riscv/lib/gcc/riscv32-unknown-elf/15.1.0/libgcc.a(multi3.o)
                                 0x1a (size before relaxing)
 .comment       0x0000002b        0x0 /opt/riscv/lib/gcc/riscv32-unknown-elf/15.1.0/libgcc.a(_clz.o)
                                 0x1a (size before relaxing)
 .comment       0x0000002b        0x0 /opt/riscv/lib/gcc/riscv32-unknown-elf/15.1.0/../../../../riscv32-unknown-elf/lib/libc.a(libc_a-strcpy.o)
                                 0x13 (size before relaxing)

.note.GNU-stack
                0x00000000        0x0
 .note.GNU-stack
                0x00000000        0x0 dhrystone.o
 .note.GNU-stack
                0x00000000        0x0 dhrystone_main.o
 .note.GNU-stack
                0x00000000        0x0 stats.o
 .note.GNU-stack
                0x00000000        0x0 ee_printf.o
 .note.GNU-stack
                0x00000000        0x0 /opt/riscv/lib/gcc/riscv32-unknown-elf/15.1.0/libgcc.a(_udivdi3.o)
 .note.GNU-stack
                0x00000000        0x0 /opt/riscv/lib/gcc/riscv32-unknown-elf/15.1.0/libgcc.a(multi3.o)
 .note.GNU-stack
                0x00000000        0x0 /opt/riscv/lib/gcc/riscv32-unknown-elf/15.1.0/libgcc.a(_clz.o)
 .note.GNU-stack
                0x00000000        0x0 /opt/riscv/lib/gcc/riscv32-unknown-elf/15.1.0/../../../../riscv32-unknown-elf/lib/libc.a(libc_a-strcpy.o)

.debug_info     0x00000000     0x297d
 .debug_info    0x00000000      0x38d dhrystone.o
 .debug_info    0x0000038d      0xe94 dhrystone_main.o
 .debug_info    0x00001221      0x14d stats.o
 .debug_info    0x0000136e      0x7f1 ee_printf.o
 .debug_info    0x00001b5f      0xa29 /opt/riscv/lib/gcc/riscv32-unknown-elf/15.1.0/libgcc.a(_udivdi3.o)
 .debug_info    0x00002588       0x31 /opt/riscv/lib/gcc/riscv32-unknown-elf/15.1.0/libgcc.a(muldi3.o)
 .debug_info    0x000025b9      0x273 /opt/riscv/lib/gcc/riscv32-unknown-elf/15.1.0/libgcc.a(multi3.o)
 .debug_info    0x0000282c       0x5f /opt/riscv/lib/gcc/riscv32-unknown-elf/15.1.0/libgcc.a(div.o)
 .debug_info    0x0000288b       0xf2 /opt/riscv/lib/gcc/riscv32-unknown-elf/15.1.0/libgcc.a(_clz.o)

.debug_abbrev   0x00000000      0xbb1
 .debug_abbrev  0x00000000      0x156 dhrystone.o
 .debug_abbrev  0x00000156      0x28c dhrystone_main.o
 .debug_abbrev  0x000003e2       0xef stats.o
 .debug_abbrev  0x000004d1      0x31a ee_printf.o
 .debug_abbrev  0x000007eb      0x1db /opt/riscv/lib/gcc/riscv32-unknown-elf/15.1.0/libgcc.a(_udivdi3.o)
 .debug_abbrev  0x000009c6       0x28 /opt/riscv/lib/gcc/riscv32-unknown-elf/15.1.0/libgcc.a(muldi3.o)
 .debug_abbrev  0x000009ee      0x125 /opt/riscv/lib/gcc/riscv32-unknown-elf/15.1.0/libgcc.a(multi3.o)
 .debug_abbrev  0x00000b13       0x28 /opt/riscv/lib/gcc/riscv32-unknown-elf/15.1.0/libgcc.a(div.o)
 .debug_abbrev  0x00000b3b       0x76 /opt/riscv/lib/gcc/riscv32-unknown-elf/15.1.0/libgcc.a(_clz.o)

.debug_loclists
                0x00000000     0x41da
 .debug_loclists
                0x00000000      0x378 dhrystone.o
 .debug_loclists
                0x00000378      0x219 dhrystone_main.o
 .debug_loclists
                0x00000591       0x3b stats.o
 .debug_loclists
                0x000005cc     0x2d1a ee_printf.o
 .debug_loclists
                0x000032e6      0xdf9 /opt/riscv/lib/gcc/riscv32-unknown-elf/15.1.0/libgcc.a(_udivdi3.o)
 .debug_loclists
                0x000040df       0xfb /opt/riscv/lib/gcc/riscv32-unknown-elf/15.1.0/libgcc.a(multi3.o)

.debug_aranges  0x00000000      0x120
 .debug_aranges
                0x00000000       0x20 dhrystone.o
 .debug_aranges
                0x00000020       0x28 dhrystone_main.o
 .debug_aranges
                0x00000048       0x20 stats.o
 .debug_aranges
                0x00000068       0x20 ee_printf.o
 .debug_aranges
                0x00000088       0x20 /opt/riscv/lib/gcc/riscv32-unknown-elf/15.1.0/libgcc.a(_udivdi3.o)
 .debug_aranges
                0x000000a8       0x20 /opt/riscv/lib/gcc/riscv32-unknown-elf/15.1.0/libgcc.a(muldi3.o)
 .debug_aranges
                0x000000c8       0x20 /opt/riscv/lib/gcc/riscv32-unknown-elf/15.1.0/libgcc.a(multi3.o)
 .debug_aranges
                0x000000e8       0x20 /opt/riscv/lib/gcc/riscv32-unknown-elf/15.1.0/libgcc.a(div.o)
 .debug_aranges
                0x00000108       0x18 /opt/riscv/lib/gcc/riscv32-unknown-elf/15.1.0/libgcc.a(_clz.o)

.debug_line     0x00000000     0x54a3
 .debug_line    0x00000000      0x3e0 dhrystone.o
 .debug_line    0x000003e0      0xa18 dhrystone_main.o
 .debug_line    0x00000df8       0xfc stats.o
 .debug_line    0x00000ef4     0x34e0 ee_printf.o
 .debug_line    0x000043d4      0xcc3 /opt/riscv/lib/gcc/riscv32-unknown-elf/15.1.0/libgcc.a(_udivdi3.o)
 .debug_line    0x00005097       0x7a /opt/riscv/lib/gcc/riscv32-unknown-elf/15.1.0/libgcc.a(muldi3.o)
 .debug_line    0x00005111      0x1f6 /opt/riscv/lib/gcc/riscv32-unknown-elf/15.1.0/libgcc.a(multi3.o)
 .debug_line    0x00005307      0x153 /opt/riscv/lib/gcc/riscv32-unknown-elf/15.1.0/libgcc.a(div.o)
 .debug_line    0x0000545a       0x49 /opt/riscv/lib/gcc/riscv32-unknown-elf/15.1.0/libgcc.a(_clz.o)

.debug_str      0x00000000      0x8f4
 .debug_str     0x00000000      0x8f4 dhrystone.o
                                0x2b1 (size before relaxing)
 .debug_str     0x000008f4        0x0 dhrystone_main.o
                                0x415 (size before relaxing)
 .debug_str     0x000008f4        0x0 stats.o
                                0x18d (size before relaxing)
 .debug_str     0x000008f4        0x0 ee_printf.o
                                0x247 (size before relaxing)
 .debug_str     0x000008f4        0x0 /opt/riscv/lib/gcc/riscv32-unknown-elf/15.1.0/libgcc.a(_udivdi3.o)
                                0x287 (size before relaxing)
 .debug_str     0x000008f4        0x0 /opt/riscv/lib/gcc/riscv32-unknown-elf/15.1.0/libgcc.a(muldi3.o)
                                 0x9e (size before relaxing)
 .debug_str     0x000008f4        0x0 /opt/riscv/lib/gcc/riscv32-unknown-elf/15.1.0/libgcc.a(multi3.o)
                                0x225 (size before relaxing)
 .debug_str     0x000008f4        0x0 /opt/riscv/lib/gcc/riscv32-unknown-elf/15.1.0/libgcc.a(div.o)
                                 0xcb (size before relaxing)
 .debug_str     0x000008f4        0x0 /opt/riscv/lib/gcc/riscv32-unknown-elf/15.1.0/libgcc.a(_clz.o)
                                0x1ab (size before relaxing)

.debug_line_str
                0x00000000      0x1ef
 .debug_line_str
                0x00000000      0x1ef dhrystone.o
                                 0x72 (size before relaxing)
 .debug_line_str
                0x000001ef        0x0 dhrystone_main.o
                                 0xc2 (size before relaxing)
 .debug_line_str
                0x000001ef        0x0 stats.o
                                 0x3a (size before relaxing)
 .debug_line_str
                0x000001ef        0x0 ee_printf.o
                                 0x7e (size before relaxing)
 .debug_line_str
                0x000001ef        0x0 /opt/riscv/lib/gcc/riscv32-unknown-elf/15.1.0/libgcc.a(_udivdi3.o)
                                 0xa7 (size before relaxing)
 .debug_line_str
                0x000001ef        0x0 /opt/riscv/lib/gcc/riscv32-unknown-elf/15.1.0/libgcc.a(muldi3.o)
                                 0x89 (size before relaxing)
 .debug_line_str
                0x000001ef        0x0 /opt/riscv/lib/gcc/riscv32-unknown-elf/15.1.0/libgcc.a(multi3.o)
                                 0xd5 (size before relaxing)
 .debug_line_str
                0x000001ef        0x0 /opt/riscv/lib/gcc/riscv32-unknown-elf/15.1.0/libgcc.a(div.o)
                                 0x86 (size before relaxing)
 .debug_line_str
                0x000001ef        0x0 /opt/riscv/lib/gcc/riscv32-unknown-elf/15.1.0/libgcc.a(_clz.o)
                                 0xa7 (size before relaxing)

.debug_frame    0x00000000      0x398
 .debug_frame   0x00000000       0xb8 dhrystone.o
 .debug_frame   0x000000b8       0xe4 dhrystone_main.o
 .debug_frame   0x0000019c       0x2c stats.o
 .debug_frame   0x000001c8      0x1a4 ee_printf.o
 .debug_frame   0x0000036c       0x2c /opt/riscv/lib/gcc/riscv32-unknown-elf/15.1.0/libgcc.a(multi3.o)

.debug_rnglists
                0x00000000      0x19a
 .debug_rnglists
                0x00000000       0x1b dhrystone_main.o
 .debug_rnglists
                0x0000001b       0xac ee_printf.o
 .debug_rnglists
                0x000000c7       0xd3 /opt/riscv/lib/gcc/riscv32-unknown-elf/15.1.0/libgcc.a(_udivdi3.o)
