

Working Directory = /home/vinicius.franca/workarea/riscv-async-tcc/workspace
QoS Summary for ariscv
================================================================================
Metric                          generic         mapped          placed         
================================================================================
Slack (ps):                       620             115               0
  R2R (ps):                       708             115               0
  I2R (ps):                     1,754           1,698           1,698
  R2O (ps):                     1,726           1,728           1,728
  I2O (ps):                       620             620             620
  CG  (ps):                  no_value        no_value        no_value
TNS (ps):                           0               0               0
  R2R (ps):                         0               0               0
  I2R (ps):                         0               0               0
  R2O (ps):                         0               0               0
  I2O (ps):                         0               0               0
  CG  (ps):                  no_value        no_value        no_value
Failing Paths:                      0               0               0
Cell Area:                     10,873           4,817           4,710
Total Cell Area:               10,873           4,817           4,710
Leaf Instances:                11,671           5,142           4,949
Total Instances:               11,671           5,142           4,949
Utilization (%):                 0.00            0.00            0.00
Tot. Net Length (um):        no_value        no_value        no_value
Avg. Net Length (um):        no_value        no_value        no_value
Route Overflow H (%):        no_value        no_value        no_value
Route Overflow V (%):        no_value        no_value        no_value
MBCI(%) (bits/gate) :            0.00            0.00            0.00
Norm Cong Hotspot Area:
  Max Cong:                  no_value        no_value        no_value
  Tot Cong:                  no_value        no_value        no_value
================================================================================
CPU  Runtime (h:m:s):        00:00:51        00:01:08        00:00:23
Real Runtime (h:m:s):        00:00:41        00:00:35        00:00:23
CPU  Elapsed (h:m:s):        00:00:59        00:02:07        00:02:30
Real Elapsed (h:m:s):        00:00:45        00:01:21        00:01:43
Memory (MB):                  1544.92         1554.05         1554.87
================================================================================
================================================================================
Flow Settings:
================================================================================
Total Runtime (h:m:s): 00:01:39
Total Memory (MB):     1562.87
Executable Version:    22.14-s059_1
================================================================================
Total Cell Area =  Cell Area + Physical Cell Area
Total Instances =  Leaf Instances + Physical Instances


