

Working Directory = /home/vinicius.franca/workarea/riscv-async-tcc/workspace
QoS Summary for ariscv
================================================================================
Metric                          generic         mapped          placed         
================================================================================
Slack (ps):                     5,681           5,698           5,698
  R2R (ps):                    12,616          10,415          10,395
  I2R (ps):                     5,681           5,698           5,698
  R2O (ps):                    17,480          17,507          17,507
  I2O (ps):                  no_value        no_value        no_value
  CG  (ps):                  no_value        no_value        no_value
TNS (ps):                           0               0               0
  R2R (ps):                         0               0               0
  I2R (ps):                         0               0               0
  R2O (ps):                         0               0               0
  I2O (ps):                  no_value        no_value        no_value
  CG  (ps):                  no_value        no_value        no_value
Failing Paths:                      0               0               0
Cell Area:                     10,460           4,613           4,548
Total Cell Area:               10,460           4,613           4,548
Leaf Instances:                11,066           4,354           4,201
Total Instances:               11,066           4,354           4,201
Utilization (%):                 0.00            0.00            0.00
Tot. Net Length (um):        no_value        no_value        no_value
Avg. Net Length (um):        no_value        no_value        no_value
Route Overflow H (%):        no_value        no_value        no_value
Route Overflow V (%):        no_value        no_value        no_value
MBCI(%) (bits/gate) :            0.00            0.00            0.00
Norm Cong Hotspot Area:
  Max Cong:                  no_value        no_value        no_value
  Tot Cong:                  no_value        no_value        no_value
================================================================================
CPU  Runtime (h:m:s):        00:00:49        00:01:02        00:00:24
Real Runtime (h:m:s):        00:00:40        00:00:33        00:00:23
CPU  Elapsed (h:m:s):        00:00:58        00:02:00        00:02:24
Real Elapsed (h:m:s):        00:00:45        00:01:17        00:01:40
Memory (MB):                  1546.03         1551.79         1553.61
================================================================================
================================================================================
Flow Settings:
================================================================================
Total Runtime (h:m:s): 00:01:36
Total Memory (MB):     1561.62
Executable Version:    22.14-s059_1
================================================================================
Total Cell Area =  Cell Area + Physical Cell Area
Total Instances =  Leaf Instances + Physical Instances


