Archive member included to satisfy reference by file (symbol)

/opt/riscv/lib/gcc/riscv32-unknown-elf/15.1.0/libgcc.a(muldi3.o)
                              core_main.o (__mulsi3)
/opt/riscv/lib/gcc/riscv32-unknown-elf/15.1.0/libgcc.a(div.o)
                              barebones/ee_printf.o (__divsi3)

There are no discarded input sections

Memory Configuration

Name             Origin             Length             Attributes
IRAM             0x00000000         0x00008000         xr
DRAM             0x80000000         0x00002000         rw
*default*        0x00000000         0xffffffff

Linker script and memory map

LOAD /opt/riscv/lib/gcc/riscv32-unknown-elf/15.1.0/libgcc.a
LOAD startup.o
LOAD core_list_join.o
LOAD core_main.o
LOAD core_matrix.o
LOAD core_state.o
LOAD core_util.o
LOAD barebones/core_portme.o
LOAD barebones/ee_printf.o
LOAD /opt/riscv/lib/gcc/riscv32-unknown-elf/15.1.0/libgcc.a
START GROUP
LOAD /opt/riscv/lib/gcc/riscv32-unknown-elf/15.1.0/../../../../riscv32-unknown-elf/lib/libc.a
LOAD /opt/riscv/lib/gcc/riscv32-unknown-elf/15.1.0/../../../../riscv32-unknown-elf/lib/libgloss.a
END GROUP
LOAD /opt/riscv/lib/gcc/riscv32-unknown-elf/15.1.0/libgcc.a

.text           0x00000000     0x3b00
 *startup.o(.text)
 .text          0x00000000       0xb0 startup.o
                0x00000000                _start
 *(.text)
 .text          0x000000b0      0x928 core_list_join.o
                0x000000b0                cmp_idx
                0x00000104                calc_func
                0x00000238                cmp_complex
                0x00000280                copy_info
                0x00000294                core_list_insert_new
                0x000002f4                core_list_remove
                0x0000031c                core_list_undo_remove
                0x0000033c                core_list_find
                0x00000388                core_list_reverse
                0x000003ac                core_list_mergesort
                0x0000055c                core_bench_list
                0x00000854                core_list_init
 .text          0x000009d8       0x88 core_main.o
                0x000009d8                iterate
 .text          0x00000a60      0xa78 core_matrix.o
                0x00000a60                core_init_matrix
                0x00000c34                matrix_sum
                0x00000cb4                matrix_mul_const
                0x00000d6c                matrix_add_const
                0x00000da4                matrix_mul_vect
                0x00000e70                matrix_mul_matrix
                0x00000f7c                matrix_mul_matrix_bitextract
                0x0000109c                matrix_test
                0x0000149c                core_bench_matrix
 .text          0x000014d8      0x5dc core_state.o
                0x000014d8                core_init_state
                0x00001620                core_state_transition
                0x00001914                core_bench_state
 .text          0x00001ab4      0xa10 core_util.o
                0x00001ab4                get_seed_32
                0x00001b18                crcu8
                0x00001c48                crcu16
                0x00001e70                crcu32
                0x00002290                crc16
                0x000024bc                check_data_types
 .text          0x000024c4       0xa8 barebones/core_portme.o
                0x000024c4                barebones_clock
                0x000024d0                start_time
                0x000024e4                stop_time
                0x000024f8                get_time
                0x00002510                time_in_secs
                0x00002530                portable_init
                0x00002564                portable_fini
 .text          0x0000256c      0xd34 barebones/ee_printf.o
                0x00002934                uart_send_char
                0x00002940                ee_printf
 .text          0x000032a0       0x24 /opt/riscv/lib/gcc/riscv32-unknown-elf/15.1.0/libgcc.a(muldi3.o)
                0x000032a0                __mulsi3
 .text          0x000032c4       0xb4 /opt/riscv/lib/gcc/riscv32-unknown-elf/15.1.0/libgcc.a(div.o)
                0x000032c4                __divsi3
                0x000032cc                __hidden___udivsi3
                0x000032cc                __udivsi3
                0x00003314                __umodsi3
                0x00003348                __modsi3
 *(.text.*)
 .text.startup  0x00003378      0x788 core_main.o
                0x00003378                main

.rodata         0x80000000      0x9ab
 *(.rodata)
 .rodata        0x80000000       0x22 core_main.o
 *fill*         0x80000022        0x2 
 .rodata        0x80000024       0x40 core_state.o
 .rodata        0x80000064      0x218 core_util.o
 .rodata        0x8000027c      0x204 barebones/ee_printf.o
 *(.rodata.*)
 .rodata.str1.4
                0x80000480      0x52b core_main.o
                                0x3fe (size before relaxing)
 .rodata.str1.4
                0x800009ab       0xad core_state.o
 .rodata.str1.4
                0x800009ab       0x27 barebones/core_portme.o
 .rodata.str1.4
                0x800009ab       0x57 barebones/ee_printf.o
 *(.srodata)
 *(.srodata.*)

.rela.dyn       0x800009ac        0x0
 .rela.text     0x800009ac        0x0 startup.o

.data           0x800009ac       0x24
 *(.data)
 .data          0x800009ac        0x0 startup.o
 .data          0x800009ac        0x0 core_list_join.o
 .data          0x800009ac        0xc core_main.o
                0x800009ac                mem_name
 .data          0x800009b8        0x0 core_matrix.o
 .data          0x800009b8        0x0 core_state.o
 .data          0x800009b8        0x0 core_util.o
 .data          0x800009b8        0x0 barebones/core_portme.o
 .data          0x800009b8        0x0 barebones/ee_printf.o
 .data          0x800009b8        0x0 /opt/riscv/lib/gcc/riscv32-unknown-elf/15.1.0/libgcc.a(muldi3.o)
 .data          0x800009b8        0x0 /opt/riscv/lib/gcc/riscv32-unknown-elf/15.1.0/libgcc.a(div.o)
 *(.data.*)
 *(.sdata)
 .sdata         0x800009b8       0x18 barebones/core_portme.o
                0x800009b8                default_num_contexts
                0x800009bc                seed5_volatile
                0x800009c0                seed4_volatile
                0x800009c4                seed3_volatile
                0x800009c8                seed2_volatile
                0x800009cc                seed1_volatile
 *(.sdata.*)

.bss            0x800009d0        0x8
                0x800009d0                        _sbss = .
 *(.bss)
 .bss           0x800009d0        0x0 startup.o
 .bss           0x800009d0        0x0 core_list_join.o
 .bss           0x800009d0        0x0 core_main.o
 .bss           0x800009d0        0x0 core_matrix.o
 .bss           0x800009d0        0x0 core_state.o
 .bss           0x800009d0        0x0 core_util.o
 .bss           0x800009d0        0x0 barebones/core_portme.o
 .bss           0x800009d0        0x0 barebones/ee_printf.o
 .bss           0x800009d0        0x0 /opt/riscv/lib/gcc/riscv32-unknown-elf/15.1.0/libgcc.a(muldi3.o)
 .bss           0x800009d0        0x0 /opt/riscv/lib/gcc/riscv32-unknown-elf/15.1.0/libgcc.a(div.o)
 *(.bss.*)
 *(.sbss)
 .sbss          0x800009d0        0x8 barebones/core_portme.o
 *(.sbss.*)
 *(COMMON)
                0x800009d8                        _ebss = .
                0x80002000                        _stack_top = ((ORIGIN (DRAM) + LENGTH (DRAM)) & 0xfffffffffffffff0)
OUTPUT(coremark_bmrk.elf elf32-littleriscv)

.riscv.attributes
                0x00000000       0x2a
 .riscv.attributes
                0x00000000       0x1a startup.o
 .riscv.attributes
                0x0000001a       0x1c core_list_join.o
 .riscv.attributes
                0x00000036       0x1c core_main.o
 .riscv.attributes
                0x00000052       0x1c core_matrix.o
 .riscv.attributes
                0x0000006e       0x1c core_state.o
 .riscv.attributes
                0x0000008a       0x1c core_util.o
 .riscv.attributes
                0x000000a6       0x1c barebones/core_portme.o
 .riscv.attributes
                0x000000c2       0x1c barebones/ee_printf.o
 .riscv.attributes
                0x000000de       0x28 /opt/riscv/lib/gcc/riscv32-unknown-elf/15.1.0/libgcc.a(muldi3.o)
 .riscv.attributes
                0x00000106       0x28 /opt/riscv/lib/gcc/riscv32-unknown-elf/15.1.0/libgcc.a(div.o)

.comment        0x00000000       0x19
 .comment       0x00000000       0x19 core_list_join.o
                                 0x1a (size before relaxing)
 .comment       0x00000019       0x1a core_main.o
 .comment       0x00000019       0x1a core_matrix.o
 .comment       0x00000019       0x1a core_state.o
 .comment       0x00000019       0x1a core_util.o
 .comment       0x00000019       0x1a barebones/core_portme.o
 .comment       0x00000019       0x1a barebones/ee_printf.o

.note.GNU-stack
                0x00000000        0x0
 .note.GNU-stack
                0x00000000        0x0 core_list_join.o
 .note.GNU-stack
                0x00000000        0x0 core_main.o
 .note.GNU-stack
                0x00000000        0x0 core_matrix.o
 .note.GNU-stack
                0x00000000        0x0 core_state.o
 .note.GNU-stack
                0x00000000        0x0 core_util.o
 .note.GNU-stack
                0x00000000        0x0 barebones/core_portme.o
 .note.GNU-stack
                0x00000000        0x0 barebones/ee_printf.o

.debug_info     0x00000000     0x3aec
 .debug_info    0x00000000      0xeae core_list_join.o
 .debug_info    0x00000eae      0xb29 core_main.o
 .debug_info    0x000019d7      0xc46 core_matrix.o
 .debug_info    0x0000261d      0x4a7 core_state.o
 .debug_info    0x00002ac4      0x4f6 core_util.o
 .debug_info    0x00002fba      0x359 barebones/core_portme.o
 .debug_info    0x00003313      0x749 barebones/ee_printf.o
 .debug_info    0x00003a5c       0x31 /opt/riscv/lib/gcc/riscv32-unknown-elf/15.1.0/libgcc.a(muldi3.o)
 .debug_info    0x00003a8d       0x5f /opt/riscv/lib/gcc/riscv32-unknown-elf/15.1.0/libgcc.a(div.o)

.debug_abbrev   0x00000000     0x1185
 .debug_abbrev  0x00000000      0x36a core_list_join.o
 .debug_abbrev  0x0000036a      0x1e6 core_main.o
 .debug_abbrev  0x00000550      0x293 core_matrix.o
 .debug_abbrev  0x000007e3      0x23b core_state.o
 .debug_abbrev  0x00000a1e      0x203 core_util.o
 .debug_abbrev  0x00000c21      0x20a barebones/core_portme.o
 .debug_abbrev  0x00000e2b      0x30a barebones/ee_printf.o
 .debug_abbrev  0x00001135       0x28 /opt/riscv/lib/gcc/riscv32-unknown-elf/15.1.0/libgcc.a(muldi3.o)
 .debug_abbrev  0x0000115d       0x28 /opt/riscv/lib/gcc/riscv32-unknown-elf/15.1.0/libgcc.a(div.o)

.debug_loclists
                0x00000000     0x4196
 .debug_loclists
                0x00000000      0xdd0 core_list_join.o
 .debug_loclists
                0x00000dd0      0x513 core_main.o
 .debug_loclists
                0x000012e3     0x10c5 core_matrix.o
 .debug_loclists
                0x000023a8      0x776 core_state.o
 .debug_loclists
                0x00002b1e      0x382 core_util.o
 .debug_loclists
                0x00002ea0       0xd4 barebones/core_portme.o
 .debug_loclists
                0x00002f74     0x1222 barebones/ee_printf.o

.debug_aranges  0x00000000      0x128
 .debug_aranges
                0x00000000       0x20 core_list_join.o
 .debug_aranges
                0x00000020       0x28 core_main.o
 .debug_aranges
                0x00000048       0x20 core_matrix.o
 .debug_aranges
                0x00000068       0x20 core_state.o
 .debug_aranges
                0x00000088       0x20 core_util.o
 .debug_aranges
                0x000000a8       0x20 barebones/core_portme.o
 .debug_aranges
                0x000000c8       0x20 barebones/ee_printf.o
 .debug_aranges
                0x000000e8       0x20 /opt/riscv/lib/gcc/riscv32-unknown-elf/15.1.0/libgcc.a(muldi3.o)
 .debug_aranges
                0x00000108       0x20 /opt/riscv/lib/gcc/riscv32-unknown-elf/15.1.0/libgcc.a(div.o)

.debug_rnglists
                0x00000000      0x28f
 .debug_rnglists
                0x00000000       0xe3 core_list_join.o
 .debug_rnglists
                0x000000e3       0x2c core_main.o
 .debug_rnglists
                0x0000010f       0x72 core_matrix.o
 .debug_rnglists
                0x00000181       0x66 core_state.o
 .debug_rnglists
                0x000001e7       0x38 core_util.o
 .debug_rnglists
                0x0000021f       0x70 barebones/ee_printf.o

.debug_line     0x00000000     0x63fc
 .debug_line    0x00000000     0x145b core_list_join.o
 .debug_line    0x0000145b      0xca6 core_main.o
 .debug_line    0x00002101     0x128a core_matrix.o
 .debug_line    0x0000338b      0xde6 core_state.o
 .debug_line    0x00004171      0x524 core_util.o
 .debug_line    0x00004695      0x20d barebones/core_portme.o
 .debug_line    0x000048a2     0x198d barebones/ee_printf.o
 .debug_line    0x0000622f       0x7a /opt/riscv/lib/gcc/riscv32-unknown-elf/15.1.0/libgcc.a(muldi3.o)
 .debug_line    0x000062a9      0x153 /opt/riscv/lib/gcc/riscv32-unknown-elf/15.1.0/libgcc.a(div.o)

.debug_str      0x00000000      0x971
 .debug_str     0x00000000      0x971 core_list_join.o
                                0x440 (size before relaxing)
 .debug_str     0x00000971      0x3eb core_main.o
 .debug_str     0x00000971      0x243 core_matrix.o
 .debug_str     0x00000971      0x2a4 core_state.o
 .debug_str     0x00000971      0x1f1 core_util.o
 .debug_str     0x00000971      0x2a7 barebones/core_portme.o
 .debug_str     0x00000971      0x254 barebones/ee_printf.o
 .debug_str     0x00000971       0x99 /opt/riscv/lib/gcc/riscv32-unknown-elf/15.1.0/libgcc.a(muldi3.o)
 .debug_str     0x00000971       0xc6 /opt/riscv/lib/gcc/riscv32-unknown-elf/15.1.0/libgcc.a(div.o)

.debug_line_str
                0x00000000      0x18b
 .debug_line_str
                0x00000000      0x18b core_list_join.o
                                 0x58 (size before relaxing)
 .debug_line_str
                0x0000018b       0x53 core_main.o
 .debug_line_str
                0x0000018b       0x55 core_matrix.o
 .debug_line_str
                0x0000018b       0x54 core_state.o
 .debug_line_str
                0x0000018b       0x48 core_util.o
 .debug_line_str
                0x0000018b       0x6d barebones/core_portme.o
 .debug_line_str
                0x0000018b       0xa6 barebones/ee_printf.o
 .debug_line_str
                0x0000018b       0x84 /opt/riscv/lib/gcc/riscv32-unknown-elf/15.1.0/libgcc.a(muldi3.o)
 .debug_line_str
                0x0000018b       0x81 /opt/riscv/lib/gcc/riscv32-unknown-elf/15.1.0/libgcc.a(div.o)

.debug_frame    0x00000000      0x704
 .debug_frame   0x00000000      0x174 core_list_join.o
 .debug_frame   0x00000174       0x90 core_main.o
 .debug_frame   0x00000204      0x238 core_matrix.o
 .debug_frame   0x0000043c       0x90 core_state.o
 .debug_frame   0x000004cc       0x70 core_util.o
 .debug_frame   0x0000053c       0x9c barebones/core_portme.o
 .debug_frame   0x000005d8      0x12c barebones/ee_printf.o
