Archive member included to satisfy reference by file (symbol)

/opt/riscv/lib/gcc/riscv32-unknown-elf/15.1.0/libgcc.a(muldi3.o)
                              core_main.o (__mulsi3)
/opt/riscv/lib/gcc/riscv32-unknown-elf/15.1.0/libgcc.a(div.o)
                              barebones/ee_printf.o (__divsi3)

There are no discarded input sections

Memory Configuration

Name             Origin             Length             Attributes
IRAM             0x00000000         0x00008000         xr
DRAM             0x80000000         0x00002000         rw
*default*        0x00000000         0xffffffff

Linker script and memory map

LOAD /opt/riscv/lib/gcc/riscv32-unknown-elf/15.1.0/libgcc.a
LOAD startup.o
LOAD core_list_join.o
LOAD core_main.o
LOAD core_matrix.o
LOAD core_state.o
LOAD core_util.o
LOAD barebones/core_portme.o
LOAD barebones/ee_printf.o
LOAD /opt/riscv/lib/gcc/riscv32-unknown-elf/15.1.0/libgcc.a
START GROUP
LOAD /opt/riscv/lib/gcc/riscv32-unknown-elf/15.1.0/../../../../riscv32-unknown-elf/lib/libc.a
LOAD /opt/riscv/lib/gcc/riscv32-unknown-elf/15.1.0/../../../../riscv32-unknown-elf/lib/libgloss.a
END GROUP
LOAD /opt/riscv/lib/gcc/riscv32-unknown-elf/15.1.0/libgcc.a

.text           0x00000000     0x5f94
 *startup.o(.text)
 .text          0x00000000       0xb0 startup.o
                0x00000000                _start
 *(.text)
 .text          0x000000b0      0xfb4 core_list_join.o
                0x000000b0                calc_func
                0x000001e4                cmp_complex
                0x00000440                cmp_idx
                0x00000494                copy_info
                0x000004a8                core_bench_list
                0x00000a64                core_list_init
                0x00000d9c                core_list_insert_new
                0x00000dfc                core_list_remove
                0x00000e24                core_list_undo_remove
                0x00000e44                core_list_find
                0x00000e90                core_list_reverse
                0x00000eb4                core_list_mergesort
 .text          0x00001064       0xc0 core_main.o
                0x00001064                iterate
 .text          0x00001124     0x13ac core_matrix.o
                0x00001124                printmat
                0x0000121c                printmatC
                0x00001314                matrix_test
                0x00001ca8                core_bench_matrix
                0x00001ce4                core_init_matrix
                0x00002050                matrix_sum
                0x000020e8                matrix_mul_const
                0x000021a0                matrix_add_const
                0x000021d8                matrix_mul_vect
                0x000022a4                matrix_mul_matrix
                0x000023b0                matrix_mul_matrix_bitextract
 .text          0x000024d0      0x860 core_state.o
                0x000024d0                core_init_state
                0x000027ac                core_state_transition
                0x00002aa0                core_bench_state
 .text          0x00002d30      0xa10 core_util.o
                0x00002d30                get_seed_32
                0x00002d94                crcu8
                0x00002ec4                crcu16
                0x000030ec                crcu32
                0x0000350c                crc16
                0x00003738                check_data_types
 .text          0x00003740       0xa8 barebones/core_portme.o
                0x00003740                barebones_clock
                0x0000374c                start_time
                0x00003760                stop_time
                0x00003774                get_time
                0x0000378c                time_in_secs
                0x000037ac                portable_init
                0x000037e0                portable_fini
 .text          0x000037e8     0x1d9c barebones/ee_printf.o
                0x00003e9c                uart_send_char
                0x00003ea8                ee_printf
 .text          0x00005584       0x24 /opt/riscv/lib/gcc/riscv32-unknown-elf/15.1.0/libgcc.a(muldi3.o)
                0x00005584                __mulsi3
 .text          0x000055a8       0xb4 /opt/riscv/lib/gcc/riscv32-unknown-elf/15.1.0/libgcc.a(div.o)
                0x000055a8                __divsi3
                0x000055b0                __hidden___udivsi3
                0x000055b0                __udivsi3
                0x000055f8                __umodsi3
                0x0000562c                __modsi3
 *(.text.*)
 .text.startup  0x0000565c      0x938 core_main.o
                0x0000565c                main

.rodata         0x80000000      0xabf
 *(.rodata)
 .rodata        0x80000000       0x40 core_state.o
 .rodata        0x80000040      0x218 core_util.o
 .rodata        0x80000258      0x204 barebones/ee_printf.o
 *(.rodata.*)
 .rodata.str1.4
                0x8000045c      0x663 core_list_join.o
                                 0x68 (size before relaxing)
 .rodata.str1.4
                0x80000abf        0x0 core_main.o
                                0x3fe (size before relaxing)
 .rodata.str1.4
                0x80000abf        0x0 core_matrix.o
                                 0x92 (size before relaxing)
 .rodata.str1.4
                0x80000abf        0x0 core_state.o
                                 0xf5 (size before relaxing)
 .rodata.str1.4
                0x80000abf        0x0 barebones/core_portme.o
                                 0x27 (size before relaxing)
 .rodata.str1.4
                0x80000abf        0x0 barebones/ee_printf.o
                                 0x57 (size before relaxing)
 *(.srodata)
 *(.srodata.*)

.rela.dyn       0x80000ac0        0x0
 .rela.text     0x80000ac0        0x0 startup.o

.data           0x80000ac0       0x24
 *(.data)
 .data          0x80000ac0        0x0 startup.o
 .data          0x80000ac0        0x0 core_list_join.o
 .data          0x80000ac0        0xc core_main.o
                0x80000ac0                mem_name
 .data          0x80000acc        0x0 core_matrix.o
 .data          0x80000acc        0x0 core_state.o
 .data          0x80000acc        0x0 core_util.o
 .data          0x80000acc        0x0 barebones/core_portme.o
 .data          0x80000acc        0x0 barebones/ee_printf.o
 .data          0x80000acc        0x0 /opt/riscv/lib/gcc/riscv32-unknown-elf/15.1.0/libgcc.a(muldi3.o)
 .data          0x80000acc        0x0 /opt/riscv/lib/gcc/riscv32-unknown-elf/15.1.0/libgcc.a(div.o)
 *(.data.*)
 *(.sdata)
 .sdata         0x80000acc       0x18 barebones/core_portme.o
                0x80000acc                default_num_contexts
                0x80000ad0                seed5_volatile
                0x80000ad4                seed4_volatile
                0x80000ad8                seed3_volatile
                0x80000adc                seed2_volatile
                0x80000ae0                seed1_volatile
 *(.sdata.*)

.bss            0x80000ae4        0x8
                0x80000ae4                        _sbss = .
 *(.bss)
 .bss           0x80000ae4        0x0 startup.o
 .bss           0x80000ae4        0x0 core_list_join.o
 .bss           0x80000ae4        0x0 core_main.o
 .bss           0x80000ae4        0x0 core_matrix.o
 .bss           0x80000ae4        0x0 core_state.o
 .bss           0x80000ae4        0x0 core_util.o
 .bss           0x80000ae4        0x0 barebones/core_portme.o
 .bss           0x80000ae4        0x0 barebones/ee_printf.o
 .bss           0x80000ae4        0x0 /opt/riscv/lib/gcc/riscv32-unknown-elf/15.1.0/libgcc.a(muldi3.o)
 .bss           0x80000ae4        0x0 /opt/riscv/lib/gcc/riscv32-unknown-elf/15.1.0/libgcc.a(div.o)
 *(.bss.*)
 *(.sbss)
 .sbss          0x80000ae4        0x8 barebones/core_portme.o
 *(.sbss.*)
 *(COMMON)
                0x80000aec                        _ebss = .
                0x80002000                        _stack_top = ((ORIGIN (DRAM) + LENGTH (DRAM)) & 0xfffffffffffffff0)
OUTPUT(coremark_bmrk.elf elf32-littleriscv)

.riscv.attributes
                0x00000000       0x1c
 .riscv.attributes
                0x00000000       0x1a startup.o
 .riscv.attributes
                0x0000001a       0x1c core_list_join.o
 .riscv.attributes
                0x00000036       0x1c core_main.o
 .riscv.attributes
                0x00000052       0x1c core_matrix.o
 .riscv.attributes
                0x0000006e       0x1c core_state.o
 .riscv.attributes
                0x0000008a       0x1c core_util.o
 .riscv.attributes
                0x000000a6       0x1c barebones/core_portme.o
 .riscv.attributes
                0x000000c2       0x1c barebones/ee_printf.o
 .riscv.attributes
                0x000000de       0x1a /opt/riscv/lib/gcc/riscv32-unknown-elf/15.1.0/libgcc.a(muldi3.o)
 .riscv.attributes
                0x000000f8       0x1a /opt/riscv/lib/gcc/riscv32-unknown-elf/15.1.0/libgcc.a(div.o)

.comment        0x00000000       0x19
 .comment       0x00000000       0x19 core_list_join.o
                                 0x1a (size before relaxing)
 .comment       0x00000019        0x0 core_main.o
                                 0x1a (size before relaxing)
 .comment       0x00000019        0x0 core_matrix.o
                                 0x1a (size before relaxing)
 .comment       0x00000019        0x0 core_state.o
                                 0x1a (size before relaxing)
 .comment       0x00000019        0x0 core_util.o
                                 0x1a (size before relaxing)
 .comment       0x00000019        0x0 barebones/core_portme.o
                                 0x1a (size before relaxing)
 .comment       0x00000019        0x0 barebones/ee_printf.o
                                 0x1a (size before relaxing)

.note.GNU-stack
                0x00000000        0x0
 .note.GNU-stack
                0x00000000        0x0 core_list_join.o
 .note.GNU-stack
                0x00000000        0x0 core_main.o
 .note.GNU-stack
                0x00000000        0x0 core_matrix.o
 .note.GNU-stack
                0x00000000        0x0 core_state.o
 .note.GNU-stack
                0x00000000        0x0 core_util.o
 .note.GNU-stack
                0x00000000        0x0 barebones/core_portme.o
 .note.GNU-stack
                0x00000000        0x0 barebones/ee_printf.o

.debug_info     0x00000000     0x4cba
 .debug_info    0x00000000     0x134c core_list_join.o
 .debug_info    0x0000134c      0xc66 core_main.o
 .debug_info    0x00001fb2     0x163e core_matrix.o
 .debug_info    0x000035f0      0x600 core_state.o
 .debug_info    0x00003bf0      0x4f6 core_util.o
 .debug_info    0x000040e6      0x359 barebones/core_portme.o
 .debug_info    0x0000443f      0x7eb barebones/ee_printf.o
 .debug_info    0x00004c2a       0x31 /opt/riscv/lib/gcc/riscv32-unknown-elf/15.1.0/libgcc.a(muldi3.o)
 .debug_info    0x00004c5b       0x5f /opt/riscv/lib/gcc/riscv32-unknown-elf/15.1.0/libgcc.a(div.o)

.debug_abbrev   0x00000000     0x11fe
 .debug_abbrev  0x00000000      0x374 core_list_join.o
 .debug_abbrev  0x00000374      0x258 core_main.o
 .debug_abbrev  0x000005cc      0x27f core_matrix.o
 .debug_abbrev  0x0000084b      0x24c core_state.o
 .debug_abbrev  0x00000a97      0x203 core_util.o
 .debug_abbrev  0x00000c9a      0x20a barebones/core_portme.o
 .debug_abbrev  0x00000ea4      0x30a barebones/ee_printf.o
 .debug_abbrev  0x000011ae       0x28 /opt/riscv/lib/gcc/riscv32-unknown-elf/15.1.0/libgcc.a(muldi3.o)
 .debug_abbrev  0x000011d6       0x28 /opt/riscv/lib/gcc/riscv32-unknown-elf/15.1.0/libgcc.a(div.o)

.debug_loclists
                0x00000000     0x76f0
 .debug_loclists
                0x00000000     0x1c2e core_list_join.o
 .debug_loclists
                0x00001c2e      0x6ca core_main.o
 .debug_loclists
                0x000022f8     0x18f5 core_matrix.o
 .debug_loclists
                0x00003bed      0x993 core_state.o
 .debug_loclists
                0x00004580      0x382 core_util.o
 .debug_loclists
                0x00004902       0xd4 barebones/core_portme.o
 .debug_loclists
                0x000049d6     0x2d1a barebones/ee_printf.o

.debug_aranges  0x00000000      0x128
 .debug_aranges
                0x00000000       0x20 core_list_join.o
 .debug_aranges
                0x00000020       0x28 core_main.o
 .debug_aranges
                0x00000048       0x20 core_matrix.o
 .debug_aranges
                0x00000068       0x20 core_state.o
 .debug_aranges
                0x00000088       0x20 core_util.o
 .debug_aranges
                0x000000a8       0x20 barebones/core_portme.o
 .debug_aranges
                0x000000c8       0x20 barebones/ee_printf.o
 .debug_aranges
                0x000000e8       0x20 /opt/riscv/lib/gcc/riscv32-unknown-elf/15.1.0/libgcc.a(muldi3.o)
 .debug_aranges
                0x00000108       0x20 /opt/riscv/lib/gcc/riscv32-unknown-elf/15.1.0/libgcc.a(div.o)

.debug_rnglists
                0x00000000      0x44f
 .debug_rnglists
                0x00000000      0x17f core_list_join.o
 .debug_rnglists
                0x0000017f       0x5b core_main.o
 .debug_rnglists
                0x000001da      0x14b core_matrix.o
 .debug_rnglists
                0x00000325       0x46 core_state.o
 .debug_rnglists
                0x0000036b       0x38 core_util.o
 .debug_rnglists
                0x000003a3       0xac barebones/ee_printf.o

.debug_line     0x00000000     0xa77f
 .debug_line    0x00000000     0x225f core_list_join.o
 .debug_line    0x0000225f     0x1184 core_main.o
 .debug_line    0x000033e3     0x227c core_matrix.o
 .debug_line    0x0000565f     0x1361 core_state.o
 .debug_line    0x000069c0      0x50c core_util.o
 .debug_line    0x00006ecc      0x20d barebones/core_portme.o
 .debug_line    0x000070d9     0x34d9 barebones/ee_printf.o
 .debug_line    0x0000a5b2       0x7a /opt/riscv/lib/gcc/riscv32-unknown-elf/15.1.0/libgcc.a(muldi3.o)
 .debug_line    0x0000a62c      0x153 /opt/riscv/lib/gcc/riscv32-unknown-elf/15.1.0/libgcc.a(div.o)

.debug_str      0x00000000      0x97d
 .debug_str     0x00000000      0x97d core_list_join.o
                                0x43d (size before relaxing)
 .debug_str     0x0000097d        0x0 core_main.o
                                0x3d9 (size before relaxing)
 .debug_str     0x0000097d        0x0 core_matrix.o
                                0x258 (size before relaxing)
 .debug_str     0x0000097d        0x0 core_state.o
                                0x2a7 (size before relaxing)
 .debug_str     0x0000097d        0x0 core_util.o
                                0x1df (size before relaxing)
 .debug_str     0x0000097d        0x0 barebones/core_portme.o
                                0x295 (size before relaxing)
 .debug_str     0x0000097d        0x0 barebones/ee_printf.o
                                0x242 (size before relaxing)
 .debug_str     0x0000097d        0x0 /opt/riscv/lib/gcc/riscv32-unknown-elf/15.1.0/libgcc.a(muldi3.o)
                                 0x9e (size before relaxing)
 .debug_str     0x0000097d        0x0 /opt/riscv/lib/gcc/riscv32-unknown-elf/15.1.0/libgcc.a(div.o)
                                 0xcb (size before relaxing)

.debug_line_str
                0x00000000      0x195
 .debug_line_str
                0x00000000      0x195 core_list_join.o
                                 0x5d (size before relaxing)
 .debug_line_str
                0x00000195        0x0 core_main.o
                                 0x58 (size before relaxing)
 .debug_line_str
                0x00000195        0x0 core_matrix.o
                                 0x5a (size before relaxing)
 .debug_line_str
                0x00000195        0x0 core_state.o
                                 0x59 (size before relaxing)
 .debug_line_str
                0x00000195        0x0 core_util.o
                                 0x4d (size before relaxing)
 .debug_line_str
                0x00000195        0x0 barebones/core_portme.o
                                 0x72 (size before relaxing)
 .debug_line_str
                0x00000195        0x0 barebones/ee_printf.o
                                 0xab (size before relaxing)
 .debug_line_str
                0x00000195        0x0 /opt/riscv/lib/gcc/riscv32-unknown-elf/15.1.0/libgcc.a(muldi3.o)
                                 0x89 (size before relaxing)
 .debug_line_str
                0x00000195        0x0 /opt/riscv/lib/gcc/riscv32-unknown-elf/15.1.0/libgcc.a(div.o)
                                 0x86 (size before relaxing)

.debug_frame    0x00000000      0x870
 .debug_frame   0x00000000      0x1bc core_list_join.o
 .debug_frame   0x000001bc       0x94 core_main.o
 .debug_frame   0x00000250      0x2dc core_matrix.o
 .debug_frame   0x0000052c       0xa4 core_state.o
 .debug_frame   0x000005d0       0x70 core_util.o
 .debug_frame   0x00000640       0x9c barebones/core_portme.o
 .debug_frame   0x000006dc      0x194 barebones/ee_printf.o
